{i} test
{0} 'Instance Count OK'
{x} val
{0} 127
{x} val
{0} null
{x} val
{0} -128
{x} val
{0} null
{x} val
{0} 255
{x} val
{0} null
{x} val
{0} 0
{x} val
{0} null
{x} val
{0} 32767
{x} val
{0} null
{x} val
{0} -32768
{x} val
{0} null
{x} val
{0} 65535
{x} val
{0} null
{x} val
{0} 0
{x} val
{0} null
{x} val
{0} 2.14748e+09
{x} val
{0} null
{x} val
{0} -2.14748e+09
{x} val
{0} null
{x} val
{0} 4.29497e+09
{x} val
{0} null
{x} val
{0} 0
{x} val
{0} null
{x} val
{0} 4.29497e+09
{x} val
{0} null
{x} val
{0} 0
{x} val
{0} null
{x} val
{0} 9.22337e+18
{x} val
{0} null
{x} val
{0} -9.22337e+18
{x} val
{0} null
{x} val
{0} 1.84467e+19
{x} val
{0} null
{x} val
{0} 0
{x} val
{0} null
{i} v2_avg,v2_count,count
{0} 127.5,65536000,65536000
{i} v2_avg,v2_count,count
{0} 63.5,32768000,65536000
{i} v2_avg,v2_count,count
{0} 63.5,32768000,65536000
{i} v2_avg,v2_count,count
{0} -0.5,65536000,65536000
{i} v2_avg,v2_count,count
{0} 32767.5,65536000,65536000
{i} v2_avg,v2_count,count
{0} 16383.5,32768000,65536000
{i} v2_avg,v2_count,count
{0} 16383.5,32768000,65536000
{i} v2_avg,v2_count,count
{0} -0.5,65536000,65536000
{i} v2_avg,v2_count,count
{0} 118.182,11,60000000
{i} v2_avg,v2_count,count
{0} 60,6,60000000
{i} v2_avg,v2_count,count
{0} 20651.5,48755,60000000
{i} v2_avg,v2_count,count
{0} 37142.9,115711,60000000
{i} v2_avg,v2_count,count
{0} 2.75938e+08,18128466,60000000
{i} v2_avg,v2_count,count
{0} 2.75938e+08,18128466,60000000
{i} v2_avg,v2_count,count
{0} 6.15636e+17,28128466,60000000
{i} v2_avg,v2_count,count
{0} 1.3731e+18,25814610,60000000
{i} v2_avg,v2_count,count
{0} 5.7723e+17,30000000,60000000
{i} v2_avg,v2_count,count
{0} 5.7723e+17,30000000,60000000
{i} v3_sum,count
{0} 5000000,10000001
{source_instance_id,chunk_no} value
{0,0} 'col1    col2    col3
"alex"	1	3.5
"b"ob"	2	4.8'
{0,1} 'jake	4.0
random	3.1	"extra stuff"
bill 	abc	9'
{0,2} 'alice	4	not_a_number'
{source_instance_id,chunk_no} value
{0,0} 'col1    col2    col3'
{0,1} '"alex"	1	3.5'
{0,2} '"b"ob"	2	4.8'
{0,3} 'jake	4.0'
{0,4} 'random	3.1	"extra stuff"'
{0,5} 'bill 	abc	9'
{0,6} 'alice	4	not_a_number'
{source_instance_id,chunk_no} value
{0,0} 'col1    col2    col3
"alex"	1	3.5
"b"ob"	2	4.8
jake	4.0
random	3.1	"extra stuff"
bill 	abc	9
alice	4	not_a_number'
{source_instance_id,chunk_no} value
{1,0} '"alex"	1	3.5
"b"ob"	2	4.8'
{1,1} 'jake	4.0
random	3.1	"extra stuff"'
{1,2} 'bill 	abc	9
alice	4	not_a_number'
{2,0} '"alex"	1	3.5
"b"ob"	2	4.8'
{2,1} 'jake	4.0
random	3.1	"extra stuff"'
{2,2} 'bill 	abc	9
alice	4	not_a_number'
{source_instance_id,chunk_no} value
{0,0} '"abc",2
"def",3'
{0,1} 'null,4
xyz,4.5'
{1,0} '"alex"	1	3.5
"b"ob"	2	4.8'
{1,1} 'jake	4.0
random	3.1	"extra stuff"'
{1,2} 'bill 	abc	9
alice	4	not_a_number'
{2,0} '"alex"	1	3.5
"b"ob"	2	4.8'
{2,1} 'jake	4.0
random	3.1	"extra stuff"'
{2,2} 'bill 	abc	9
alice	4	not_a_number'
{source_instance_id,chunk_no} value
{1,0} 'col1    col2    col3
"alex"	1	3.5
"b"ob"	2	4.8
jake	4.0
random	3.1	"extra stuff"
bill 	abc	9
alice	4	not_a_number
'
{2,0} '"",1
"abc"'
{2,1} '2
"def",3
null'
{2,2} '4
xyz,4.5
'
{i} count
{0} 8000000
{tuple_no,dst_instance_id,src_instance_id} a0,a1,a2,error
{0,0,0} 'col1    col2    col3',null,null,'short'
{1,0,0} '"alex"','1','3.5',null
{2,0,0} '"b"ob"','2','4.8',null
{3,0,0} 'jake','4.0',null,'short'
{4,0,0} 'random','3.1','"extra stuff"',null
{5,0,0} 'bill ','abc','9',null
{6,0,0} 'alice','4','not_a_number',null
{n} a0,a1,a2,error
{0} '"alex"','1','3.5',null
{1} '"b"ob"','2','4.8',null
{2} 'alice','4','not_a_number',null
{3} 'bill ','abc','9',null
{4} 'col1    col2    col3',null,null,'short'
{5} 'jake','4.0',null,'short'
{6} 'random','3.1','"extra stuff"',null
{n} a0,a1,error
{0} '"alex"','1','long	3.5'
{1} '"alex"','1','long	3.5'
{2} '"b"ob"','2','long	4.8'
{3} '"b"ob"','2','long	4.8'
{4} 'alice','4','long	not_a_number'
{5} 'alice','4','long	not_a_number'
{6} 'bill ','abc','long	9'
{7} 'bill ','abc','long	9'
{8} 'jake','4.0',null
{9} 'jake','4.0',null
{10} 'random','3.1','long	"extra stuff"'
{11} 'random','3.1','long	"extra stuff"'
{tuple_no,dst_instance_id,src_instance_id} a0,error
{0,0,0} '"abc",2',null
{1,0,0} '"def",3',null
{2,0,0} 'null,4',null
{3,0,0} 'xyz,4.5',null
{0,1,1} '"alex"','long	1	3.5'
{1,1,1} '"b"ob"','long	2	4.8'
{2,1,1} 'jake','long	4.0'
{3,1,1} 'random','long	3.1	"extra stuff"'
{4,1,1} 'bill ','long	abc	9'
{5,1,1} 'alice','long	4	not_a_number'
{0,2,2} '"alex"','long	1	3.5'
{1,2,2} '"b"ob"','long	2	4.8'
{2,2,2} 'jake','long	4.0'
{3,2,2} 'random','long	3.1	"extra stuff"'
{4,2,2} 'bill ','long	abc	9'
{5,2,2} 'alice','long	4	not_a_number'
{n} a0,a1,a2,error
{0} '""','1',null,'short'
{1} '"abc"','2',null,'short'
{2} '"alex"	1	3.5',null,null,'short'
{3} '"b"ob"	2	4.8',null,null,'short'
{4} '"def"','3',null,'short'
{5} 'alice	4	not_a_number',null,null,'short'
{6} 'bill 	abc	9',null,null,'short'
{7} 'col1    col2    col3',null,null,'short'
{8} 'jake	4.0',null,null,'short'
{9} 'null','4',null,'short'
{10} 'random	3.1	"extra stuff"',null,null,'short'
{11} 'xyz','4.5',null,'short'
{i} count
{0} 8000000
Query was executed successfully
{n} v1,v2,v3
{0} 1,0.0961538,'abcdef'
{1} 3,0.288462,'abcdef'
{2} 5,0.480769,'abcdef'
{3} null,0.769231,'abcdef'
{4} null,0.961538,'abcdef'
{5} null,1.15385,'abcdef'
{6} 13,1.25,'abcdef'
{7} 15,1.44231,'abcdef'
{8} 17,1.63462,'abcdef'
{9} null,1.92308,'abcdef'
{10} null,2.11538,'abcdef'
{11} null,2.30769,'abcdef'
{12} 25,2.40385,'abcdef'
{13} 27,2.59615,'abcdef'
{14} 29,2.78846,'abcdef'
{15} null,3.07692,'abcdef'
{16} null,3.26923,'abcdef'
{17} null,3.46154,'abcdef'
{18} 37,3.55769,'abcdef'
{19} 39,3.75,'abcdef'
{20} 41,3.94231,'abcdef'
{21} null,4.23077,'abcdef'
{22} null,4.42308,'abcdef'
{23} null,4.61538,'abcdef'
{24} 49,4.71154,'abcdef'
{n} v1,v2,v3
{0} null,0.192308,'abcdef'
{1} null,0.384615,'abcdef'
{2} null,0.576923,'abcdef'
{3} 7,0.673077,'abcdef'
{4} 9,0.865385,'abcdef'
{5} 11,1.05769,'abcdef'
{6} null,1.34615,'abcdef'
{7} null,1.53846,'abcdef'
{8} null,1.73077,'abcdef'
{9} 19,1.82692,'abcdef'
{10} 21,2.01923,'abcdef'
{11} 23,2.21154,'abcdef'
{12} null,2.5,'abcdef'
{13} null,2.69231,'abcdef'
{14} null,2.88462,'abcdef'
{15} 31,2.98077,'abcdef'
{16} 33,3.17308,'abcdef'
{17} 35,3.36538,'abcdef'
{18} null,3.65385,'abcdef'
{19} null,3.84615,'abcdef'
{20} null,4.03846,'abcdef'
{21} 43,4.13462,'abcdef'
{22} 45,4.32692,'abcdef'
{23} 47,4.51923,'abcdef'
{24} null,4.80769,'abcdef'
Query was executed successfully
{n} v1,v2,v3
{0} 1,0.0961538,'abcdef'
{1} null,0.192308,'abcdef'
{2} 3,0.288462,'abcdef'
{3} null,0.384615,'abcdef'
{4} 5,0.480769,'abcdef'
{5} null,0.576923,'abcdef'
{6} 7,0.673077,'abcdef'
{7} null,0.769231,'abcdef'
{8} 9,0.865385,'abcdef'
{9} null,0.961538,'abcdef'
{10} 11,1.05769,'abcdef'
{11} null,1.15385,'abcdef'
{12} 13,1.25,'abcdef'
{13} null,1.34615,'abcdef'
{14} 15,1.44231,'abcdef'
{15} null,1.53846,'abcdef'
{16} 17,1.63462,'abcdef'
{17} null,1.73077,'abcdef'
{18} 19,1.82692,'abcdef'
{19} null,1.92308,'abcdef'
{20} 21,2.01923,'abcdef'
{21} null,2.11538,'abcdef'
{22} 23,2.21154,'abcdef'
{23} null,2.30769,'abcdef'
{24} 25,2.40385,'abcdef'
{25} null,2.5,'abcdef'
{26} 27,2.59615,'abcdef'
{27} null,2.69231,'abcdef'
{28} 29,2.78846,'abcdef'
{29} null,2.88462,'abcdef'
{30} 31,2.98077,'abcdef'
{31} null,3.07692,'abcdef'
{32} 33,3.17308,'abcdef'
{33} null,3.26923,'abcdef'
{34} 35,3.36538,'abcdef'
{35} null,3.46154,'abcdef'
{36} 37,3.55769,'abcdef'
{37} null,3.65385,'abcdef'
{38} 39,3.75,'abcdef'
{39} null,3.84615,'abcdef'
{40} 41,3.94231,'abcdef'
{41} null,4.03846,'abcdef'
{42} 43,4.13462,'abcdef'
{43} null,4.23077,'abcdef'
{44} 45,4.32692,'abcdef'
{45} null,4.42308,'abcdef'
{46} 47,4.51923,'abcdef'
{47} null,4.61538,'abcdef'
{48} 49,4.71154,'abcdef'
{49} null,4.80769,'abcdef'
Query was executed successfully
?0	0.192308	abcdef
?0	0.384615	abcdef
?0	0.576923	abcdef
?0	0.769231	abcdef
?0	0.961538	abcdef
?0	1.15385	abcdef
?0	1.34615	abcdef
?0	1.53846	abcdef
?0	1.73077	abcdef
?0	1.92308	abcdef
Query was executed successfully
NULL CODE 0, BRUH	0.192308	abcdef
NULL CODE 0, BRUH	0.384615	abcdef
NULL CODE 0, BRUH	0.576923	abcdef
NULL CODE 0, BRUH	0.769231	abcdef
NULL CODE 0, BRUH	0.961538	abcdef
NULL CODE 0, BRUH	1.15385	abcdef
NULL CODE 0, BRUH	1.34615	abcdef
NULL CODE 0, BRUH	1.53846	abcdef
NULL CODE 0, BRUH	1.73077	abcdef
NULL CODE 0, BRUH	1.92308	abcdef
Query was executed successfully
0, BRUH	0.192308	abcdef
0, BRUH	0.384615	abcdef
0, BRUH	0.576923	abcdef
0, BRUH	0.769231	abcdef
0, BRUH	0.961538	abcdef
0, BRUH	1.15385	abcdef
0, BRUH	1.34615	abcdef
0, BRUH	1.53846	abcdef
0, BRUH	1.73077	abcdef
0, BRUH	1.92308	abcdef
Query was executed successfully
foo<v1:float,v2:double NOT NULL,v3:string NOT NULL> [i=1:50,10,0]	true
Query was executed successfully
foo<v1:float,v2:double NOT NULL,v3:string NOT NULL> [i=1:50,10,0]	true
Query was executed successfully
i,schema,b
0,'foo@1<v1:float,v2:double NOT NULL,v3:string NOT NULL> [i=1:50,10,0]',true
